📅 *__Sonntag__ 2023\-01\-01*

*Multi\-All\-Day*
🌍 _with location_

*Single All\-Day*


📅 *__Montag__ 2023\-01\-02*

*Multi\-All\-Day*
🌍 _with location_

__10:00__ *\-\>test \[s@\_\+\}*
🌍 _\]\|🔋/\~ \*&^'_


here is the footer