ðŸ“… *__Sonntag__ 2023\-01\-01*

*Multi\-All\-Day*

*Single All\-Day*

__08:30__ *Long timed event*

__09:00__ *Single Event*


ðŸ“… *__Montag__ 2023\-01\-02*

*Multi\-All\-Day*

*Long timed event*

__10:00__ *\-\>test \[s@\_\+\}*


ðŸ“… *__Dienstag__ 2023\-01\-03*

*?*

*Multi\-All\-Day*

__00:00__ *Long timed event*

__00:00__ *Recurring twice weekly*

__00:00__ *?*

__07:30__ *An event without time*