📅 *__Sonntag__ 2023\-01\-01*

__08:30__ *Long timed event* \(testing2\)
🌍 _somewhere_
here is the des\[\.\.\.\]

__09:00__ *Single Event* \(testing2\)